SSSE3 8bit, 3 samples...
SSE2 16bit, 3 samples...
