[blake3] hashing a zero-filled buffer of 65536 bytes
[blake3] returned 3bdeaf8f8e98780b318106aafdc3ca257f73df123d97b69112b26044c91a7d56
