[sieve] running sieve with n = 17000
[sieve] returned 17476000
