[matrix] running matrix multiplication on 10 rows, 10 columns for 300000 iterations
[matrix] returned 58115
