[nestedloop] running 6 nested loops with 30 iterations each
[nestedloop] returned 729000000
