[switch] running switch statement for 1000 iterations on a 10000-byte string
[switch] finished