[random] generating random number in 40000000 iterations
[random] returned 54.291695
