[base64] running with len = 1000 for 10000 iterations
[base64] finished
