[ackermann] running with M = 3 and N = 7
[ackermann] returned 1021
