[ratelimit] start limiting
[ratelimit] found 949528 hits
