[fib2] finding fibonacci number of: 42
[fib2] returned: 433494437
