[Classification { label: "tiger", score: 17.56 }, Classification { label: "tiger cat", score: 14.74 }, Classification { label: "zebra", score: 12.36 }]
