Confidence is over 90%
1.) banana
2.) spaghetti squash
3.) lemon
4.) eggnog
5.) butternut squash