[noop] calls bench_start and bench_end with no intervening code
[noop] complete
