[regex] matching default.input
[regex] found 92 emails
[regex] found 5301 URIs
[regex] found 5 IPs
