835F2D15A3D17F41D69F7CC87CE0DDCFFE36D8D7DF81621C60DF3E8749E50086
9BFE20B7299F76DDAEEADCF400ABFAC5FA011D27AE63CD0F114F927D0FC9AA3E
E21A59E78A588985E44B279E9C0C94221CCB612F5B8F34189E68B312FD29A5A5
C6DF06A474EE406BDF3EC9615C7FD6C4F9791CFFC900F4CD926C1FE14AB6E977
B25B785A180FD2D8EE69DC203258066FD8D20C977D88ECE58DFCACBDCA17F5FD
9D0F34F61DDA5F4AF1D61161166B0643D8FC018FBB84A5E5B89EED284EB0C6B0
154F99DF135D039CEFAF62CA397A02C8595432E8F43D18059B2C27B54B7D9CEC
84281294576F8A8FF8A43A9CD97EAC5B2BDF2F18DCFC9B20CF09FCBEFB94821A
9A0467A248523F6C4D33EFBAD114B648BD0B5BD1D256F95B1484E7522FAC0387
35E8B2CDC7A85EF72CBF7697B649A891D89B88EB1F6DD1E8EE8C60BAD16A519D
A429FD3055A3FAD5747B53B2AB669F20C88CBE0895FCAA69ACF6728C3471975C
551E72B2087550196AFE50E0A99432A516D8C54FF45821E09D1C246738E59BC5
5FC1A72BCA72A95CD66F75E83F7BF8112E53300213BAAA92257B9B28A06660E2
3EBF69556A2156E1E54108D25329247D38DA77F7DE1948C6D90FC363C5EB88B4
15B1DDED8F6369A4F0299EEBA7E8EAD4CDB52741FC660DCCF6724794E1675297
CE48D3D4FFACB0BD3BF32AC5764D39D9CF9B8D1AF921F5244AB3F72AB44805F7
