[blake3] hashing ./default.input
[blake3] input size = 65536
[blake3] returned Hash("609ac06ee32a629fbbc50ae8262526962f9414e16ba4175ee65394056b8b51fa")
